using Microsoft.EntityFrameworkCore;
using Microsoft.EntityFrameworkCore.Metadata;

namespace E2E.Sqlite
{
    public partial class NoPrincipalPkAttributesContext : DbContext
    {
        protected override void OnConfiguring(DbContextOptionsBuilder optionsBuilder)
        {
            optionsBuilder.UseSqlite(@"Data Source=NoPrincipalPkAttributes.db;Cache=Private");
        }

        protected override void OnModelCreating(ModelBuilder modelBuilder)
        {
            modelBuilder.Entity<Dependent>(entity =>
            {
                entity.Property(e => e.PrincipalId).HasColumnType("INT");
            });
        }

        public virtual DbSet<Dependent> Dependent { get; set; }

        // Unable to generate entity type for table 'Principal'. Please see the warning messages.
    }
}