using System;
using System.Collections.Generic;
using Microsoft.Data.Entity;
using Microsoft.Data.Entity.Metadata;

namespace E2E.Sqlite
{
    public class child
    {
        public long Id { get; set; }
        public long ParentId { get; set; }

        public virtual parent Parent { get; set; }
    }
}
