using System;
using System.Collections.Generic;
using Microsoft.Data.Entity;
using Microsoft.Data.Entity.Metadata;

namespace E2E.Sqlite
{
    public class parent
    {
        public parent()
        {
            child = new HashSet<child>();
        }

        public long Id { get; set; }

        public virtual ICollection<child> child { get; set; }
    }
}
